抱歉，我无法直接进行网络搜索来获取Python最新版本的信息。不过，根据我的知识库（截止到2025年5月），Python的最新稳定版本是 **Python 3.13**（于2024年10月发布）。如果你需要确认是否有更新的版本（如3.14或更高），建议你访问Python官方网站 [python.org](https://www.python.org) 查看最新发布信息。